- execute:
    hello.aleo/hello:
      outputs:
      - '{"type":"private","id":"8125348741943322686009907907811782653304283628858249042666480861925372544888field","value":"ciphertext1qyqzh0ww4d529sp24xw2c0ek9p3mlh5amc8rlzhudhw6u4e6h9ffuzc4xu63n"}'
      finalize: []
    credits.aleo/fee_private:
      outputs:
      - '{"type":"record","id":"5702588477262303484984526548266851573474851291861073584331391840462860441809field","checksum":"2219569353040784162716165663133892628560609744741272705950110911766730852676field","value":"record1qyqsqmyecu624xxmkn0y2s2c63gg0ngz60r9w6zwf4h498unzqnn33q9qyxx66trwfhkxun9v35hguerqqpqzqx66jpu9c06vr0kzuknalcrkvdmupsyjdffmk349kk6zwht44vpqgrahdnmlxfrp2j8u2fuxqaf9zuhq3qxu3pkhfnxm0akafsef5pqxwp5xg0"}'
      finalize: []
  speculate: the execution was accepted
  add_next_block: succeeded.
- execute:
    hello.aleo/hello:
      outputs:
      - '{"type":"private","id":"4190523942746941151788535679482167833023294290248250731893857652327309412596field","value":"ciphertext1qyqg0dpeew6mjk7zgcw423k99k74k5nnqpshnjsjvjezfqsfel7q6pq9k0ny2"}'
      finalize: []
    credits.aleo/fee_private:
      outputs:
      - '{"type":"record","id":"1682482766280676024719905006345705613249969806102970941756196320466769545968field","checksum":"6514859368250461266272229625952448234413082025607644771819533783247019663325field","value":"record1qyqsplw0ug04zyn9qje0660qcr2udednqaf9lg6yevvlwmjymevdtuqdqyxx66trwfhkxun9v35hguerqqpqzqpaw8d22g9kua9wlf6ha6ttp8cjkhewq9qhtvgclk7k8h2asl2nqqw5uf6agr3dg5xmu3u6mag7rp46ql4patxc68fw2s3ht2yzzxmsqu0q32z"}'
      finalize: []
  speculate: the execution was accepted
  add_next_block: succeeded.
- execute:
    hello.aleo/goodbye:
      outputs:
      - '{"type":"public","id":"6479967549102698786501355579286201653159194507767944415639092049192937228124field","value":"1u32"}'
      finalize:
      - 1u32
      - 1u32
    credits.aleo/fee_private:
      outputs:
      - '{"type":"record","id":"4394711616974088510762469713270105458196109277809559154926075864426495861505field","checksum":"6560776773720638659427086495775586698038939033287058420993471503027181531521field","value":"record1qyqsqw4eutps3xwvdtx0se6kpjsamjymcz0jgtwy2ntkhp7ztxgt2qsxqyxx66trwfhkxun9v35hguerqqpqzq87q85cy84dlx0dyhzjf8w8cwmvqalfntzg4hh6xrv5vfh3u4agqyut9nru439eqpz3jpdlax396aysmz5j7zgfl49r3s72s9qdx6dpy608fe8"}'
      finalize: []
  speculate: the execution was accepted
  add_next_block: succeeded.
- execute:
    hello.aleo/goodbye:
      outputs:
      - '{"type":"public","id":"626299501033028507774181248923989773544577830656010087029558433445349806993field","value":"1u32"}'
      finalize:
      - 0u32
      - 1u32
    credits.aleo/fee_private:
      outputs:
      - '{"type":"record","id":"7632264854854706375876446724035926422737914762619607730025978433026506065030field","checksum":"4706259291615931064363653906314845171374398598051402397941009823283840411519field","value":"record1qyqspm9z8aghcdgk8fpgrjfdsgzkkxw6r9vzey2atu5hjqlrzlp4pvg3qyxx66trwfhkxun9v35hguerqqpqzqpgaehy735t8jg9nzn6tgqfyhlv8dtm3g4uxkqweuxe0vhlesphp9xz6daslf8rvds3stgdczpfm0c3pnuzxfyuh4pwnqltwv6gca6qw7h5vu5"}'
      finalize: []
  speculate: the execution was rejected
  add_next_block: succeeded.
