- execute:
    mint_and_split.aleo/mint:
      outputs:
      - '{"type":"record","id":"7636508513753843688255477046613755926717864376364314808857555307422986366583field","checksum":"2724303349197854838397688958932042996013299317300510410551052639216931686578field","value":"record1qyqspznunw4usdtcqwznvpm3f73dlfxcmg07emews5rxsvfp8jelaqs3qyxx66trwfhkxun9v35hguerqqpqzqqjmj4kl3w0fh0dhqy67c47xgw7ftfdkhplztykwwr7mgnn8cm3q50aufvdjh84e3325vgsq98uzgdxyscfrymgz6j5p6txj0u06ngskkug8kd"}'
      finalize: []
    credits.aleo/fee_private:
      outputs:
      - '{"type":"record","id":"5312548904938097024678330856386918153234338408838979292285742077069690025084field","checksum":"603386500557672396818496036157546734895677533763183238773474500167806345569field","value":"record1qyqsq50ffm6tzf7q3z553quhrp773gjvntv3htpc3s7zfkdpndaqx3cxqyxx66trwfhkxun9v35hguerqqpqzq9qwkczkd6ka5ngvfsz3m8dzypc7h984709ffwcj2f452zwhc3wq3gz2rjx9tgewnzxeyaurzdrunjpevr505mk8suj2p7y0dp6xxuqugn6j9w"}'
      finalize: []
  speculate: the execution was accepted
  add_next_block: succeeded.
- execute: Commitment '1266307482263846358970326041806201638141701138269282465033372005968041137990field' does not exist
- execute: Input record for 'mint_and_split.aleo' must belong to the signer
