- execute:
    test_rand.aleo/rand_chacha_with_literals:
      outputs: []
      finalize:
      - 0scalar
      - 0group
      - 0u8
      - 2i16
      - 4u32
      - 7i64
      - 8u128
      - 10field
    credits.aleo/fee_private:
      outputs:
      - '{"type":"record","id":"561893108187048645548636417069289454105173572742687805660044598102253611190field","checksum":"923296012963080447476493116314501854220706260721604387130023715449963724344field","value":"record1qyqspqgrj0f99jd9hc24k4tlye4e50ggza7vezwng4jg5upfrfrm79q9qyxx66trwfhkxun9v35hguerqqpqzq9zq3m6eq527fhc0lp3py9f5xhkysmaqwj2dgesz9352ccnnglkprqa5c8wld49ey9l9wjkv0uuuwtzuzlamswyj9udt8y86c07kdzsj0dzlcc"}'
      finalize: []
  speculate: the execution was accepted
  add_next_block: succeeded.
- execute:
    test_rand.aleo/rand_chacha_with_struct:
      outputs: []
      finalize:
      - |-
        {
          first: 0field,
          second: 0field,
          third: 0field,
          fourth: 0field,
          fifth: 0field
        }
    credits.aleo/fee_private:
      outputs:
      - '{"type":"record","id":"1685409746028003086354880561708041346165113770942328526547076490568528516249field","checksum":"5315233199414168673454462763078528679734575168624212722392269860437068178993field","value":"record1qyqsqve6es35jjn7njhp60aeqrn2vy044pk4yrjpantynxrngmhxckc9qyxx66trwfhkxun9v35hguerqqpqzqxfrsxjpyja78e2h8ey6xwaqpfj7ugq85ysh4ym5h7lshlkmkfxqtr7p928u97ctwzrvatugnflesmz0ype7uqstkgz48l3t4vkd3ks6830haw"}'
      finalize: []
  speculate: the execution was accepted
  add_next_block: succeeded.
- execute:
    test_rand.aleo/rand_chacha_check:
      outputs: []
      finalize:
      - 0field
      - 'false'
    credits.aleo/fee_private:
      outputs:
      - '{"type":"record","id":"8243831740876952436722391178575255090199711365234431368023298693145120877925field","checksum":"1424899745795758676669158322450736112535273219882100637254353513030995286475field","value":"record1qyqsp7xl8q6sdp07tev3nvdu4xnd4v9erj7x8c7yzgugj62u3zu7yzcrqyxx66trwfhkxun9v35hguerqqpqzqyz2lz2stqk3u655w9x69z5ru5tyr9msqdg2fxfzsfeeezwlyyrzpenpws9xxrljh4jmh6ejed5n7z7ufk6q2ws3d3g3zgmpvl0a4eqye7z9mq"}'
      finalize: []
  speculate: the execution was rejected
  add_next_block: succeeded.
- execute:
    test_rand.aleo/rand_chacha_check:
      outputs: []
      finalize:
      - 1field
      - 'true'
    credits.aleo/fee_private:
      outputs:
      - '{"type":"record","id":"4285326019231177393432885388904314156796528597988479551580223996095797739298field","checksum":"1362932897495636290029824263870526973021976577444417874346614499345423013514field","value":"record1qyqsp7lvh3d9gtwr0dnd220305xz6phdh98pf96xdmyj7jvw0trrgds2qyxx66trwfhkxun9v35hguerqqpqzqqhkhdapv2847kccrawv3jlplr67ng82yuryytm0740gqa6g9rnqgv3ztcjlykgll2t2pf4xfp7l029kmalseku6cn0mqad0p79nl0qywjhnkv"}'
      finalize: []
  speculate: the execution was rejected
  add_next_block: succeeded.
