- execute:
    test_branch.aleo/run_test:
      outputs: []
      finalize:
      - 1u8
      - 1u8
    credits.aleo/fee_private:
      outputs:
      - '{"type":"record","id":"926198682557028632475726259465677949835311696419602405504254112942260401796field","checksum":"2908404110329916908421725235756072780246204398378111547629938002701399631577field","value":"record1qyqsq2plhrz437zq7sje3v5zhgedajmjvwvzp6nscqgwxg7g3gld8pgzqyxx66trwfhkxun9v35hguerqqpqzq9lgjg0eqpam24xa9tj2yt53kqu73xmyz7vt8h8sj5yu76dkgrmp5qghj3dyyzdy5d6tzpldm2q4samd48enc7rxu85ufvrcxa6mt9pz94k8u6"}'
      finalize: []
  speculate: the execution was rejected
  add_next_block: succeeded.
- execute:
    test_branch.aleo/run_test:
      outputs: []
      finalize:
      - 0u8
      - 1u8
    credits.aleo/fee_private:
      outputs:
      - '{"type":"record","id":"1446838502411045100587519496767710979255609386714868046137108569088520753350field","checksum":"6915999203480841602868979071413945303300962479277125505141245805171620849510field","value":"record1qyqsphnyzq982gc67uvpl2sn0dkyte3nk2lqw895u5syvt6xt7aqjssfqyxx66trwfhkxun9v35hguerqqpqzq80r9erspnlectrg5nkud29m29jsvjn08az7z9ccelytd8u6x5cpyadkmyhlgxq9vpylv0ve6wumvt576eq64auunr8yw3zlttcehpqj6w9asj"}'
      finalize: []
  speculate: the execution was rejected
  add_next_block: succeeded.
- execute:
    test_branch.aleo/run_test:
      outputs: []
      finalize:
      - 0u8
      - 0u8
    credits.aleo/fee_private:
      outputs:
      - '{"type":"record","id":"1547189976549241455652124081286512345323124784608194669035156089402287038463field","checksum":"4447192543734607307544135119713476459647004177513677106414944146743579682619field","value":"record1qyqspc6vm20r6ekcj0x86kpn2hltvt2mlnkmcql58puqhrxa668waqgrqyxx66trwfhkxun9v35hguerqqpqzq9tp8pnesn73gjwvpt5w4umzhz3kamhax7cwnelh670dg7ue9p6qxlt8nlxhhfu2amg5uhek55ajh2k52098mhlmxlj3p9lz0wexjypz2vt5d5"}'
      finalize: []
  speculate: the execution was accepted
  add_next_block: succeeded.
