- execute:
    unused_position.aleo/foo:
      outputs: []
      finalize: []
    credits.aleo/fee_private:
      outputs:
      - '{"type":"record","id":"6076567446434386408327862683979995892258106148284008177184296452060141749477field","checksum":"3426211014728878231108795538930445450144523379659389092980845866090680741109field","value":"record1qyqspmxa6hf672z4g02lsyr39dza2ewvwlzl80lh9eh3d3vyyhe08vs2qyxx66trwfhkxun9v35hguerqqpqzqxk3u4qlk6kd93ykrlc7syrx68zz509h6nkfn4mtw0php83nl4upftd0nnhpkll5z5zu5q6u4xk9zhx8sneztwswkedqg946rlak2fpqdldvh3"}'
      finalize: []
  speculate: the execution was accepted
  add_next_block: succeeded.
